Enter password: ****
Welcome to the MySQL monitor.  Commands end with ; or \g.
Your MySQL connection id is 11
Server version: 8.0.30 MySQL Community Server - GPL

Copyright (c) 2000, 2022, Oracle and/or its affiliates.

Oracle is a registered trademark of Oracle Corporation and/or its
affiliates. Other names may be trademarks of their respective
owners.

Type 'help;' or '\h' for help. Type '\c' to clear the current input statement.

mysql> show databases;
+--------------------+
| Database           |
+--------------------+
| information_schema |
| mysql              |
| performance_schema |
| sakila             |
| sample             |
| sys                |
| world              |
+--------------------+
7 rows in set (0.00 sec)

mysql> select * from sample21;
ERROR 1046 (3D000): No database selected
mysql> show tables;
ERROR 1046 (3D000): No database selected
mysql> use sample;
Database changed
mysql> select * from sample21;
+------+--------+------------+-------------------+
| no   | name   | birthday   | address           |
+------+--------+------------+-------------------+
|    1 | 박준용 | 1976-10-18 | 대구광역시 수성구 |
|    2 | 김재진 | NULL       | 대구광역시 동구   |
|    3 | 홍길동 | NULL       | 서울특별시 마포구 |
+------+--------+------------+-------------------+
3 rows in set (0.00 sec)

mysql> use world;
Database changed
mysql> select * from sample21;
ERROR 1146 (42S02): Table 'world.sample21' doesn't exist
mysql> use sample;
Database changed
mysql> show tables;
+------------------+
| Tables_in_sample |
+------------------+
| sample21         |
| sample24         |
| sample25         |
| sample31         |
| sample311        |
| sample32         |
| sample33         |
| sample34         |
| sample341        |
| sample35         |
| sample37         |
| sample41         |
| sample411        |
| sample51         |
| sample54         |
| sample541        |
| sample551        |
| sample552        |
| sample635        |
| sample71_a       |
| sample71_b       |
| sample72_x       |
| sample72_y       |
| 메이커           |
| 상품             |
| 상품2            |
| 상품3            |
| 재고수           |
+------------------+
28 rows in set (0.00 sec)

mysql> use world;
Database changed
mysql> select * from sample21;
ERROR 1146 (42S02): Table 'world.sample21' doesn't exist
mysql> select * from sample.sample21;
+------+--------+------------+-------------------+
| no   | name   | birthday   | address           |
+------+--------+------------+-------------------+
|    1 | 박준용 | 1976-10-18 | 대구광역시 수성구 |
|    2 | 김재진 | NULL       | 대구광역시 동구   |
|    3 | 홍길동 | NULL       | 서울특별시 마포구 |
+------+--------+------------+-------------------+
3 rows in set (0.00 sec)

mysql> -- 주석입니다
mysql> 주석입니다
    -> ;
ERROR 1064 (42000): You have an error in your SQL syntax; check the manual that corresponds to your MySQL server version for the right syntax to use near '주석입니다' at line 1
mysql> -- SELECT * FROM sample21;
mysql> /* block
   /*> -- SELECT * FROM sample21;
   /*> */
mysql> SELECT* FROM sample21;
ERROR 1146 (42S02): Table 'world.sample21' doesn't exist
mysql> SELECT * FROMsample21;
ERROR 1064 (42000): You have an error in your SQL syntax; check the manual that corresponds to your MySQL server version for the right syntax to use near 'FROMsample21' at line 1
mysql> use sample;
Database changed
mysql> SELECT* FROM sample21;
+------+--------+------------+-------------------+
| no   | name   | birthday   | address           |
+------+--------+------------+-------------------+
|    1 | 박준용 | 1976-10-18 | 대구광역시 수성구 |
|    2 | 김재진 | NULL       | 대구광역시 동구   |
|    3 | 홍길동 | NULL       | 서울특별시 마포구 |
+------+--------+------------+-------------------+
3 rows in set (0.00 sec)

mysql> SELECT* FROMsample21;
ERROR 1064 (42000): You have an error in your SQL syntax; check the manual that corresponds to your MySQL server version for the right syntax to use near 'FROMsample21' at line 1
mysql> SELECT FROM sample21;
ERROR 1064 (42000): You have an error in your SQL syntax; check the manual that corresponds to your MySQL server version for the right syntax to use near 'FROM sample21' at line 1
mysql> SELECT * FROM sample21;
+------+--------+------------+-------------------+
| no   | name   | birthday   | address           |
+------+--------+------------+-------------------+
|    1 | 박준용 | 1976-10-18 | 대구광역시 수성구 |
|    2 | 김재진 | NULL       | 대구광역시 동구   |
|    3 | 홍길동 | NULL       | 서울특별시 마포구 |
+------+--------+------------+-------------------+
3 rows in set (0.00 sec)

mysql> SHOW TABLES STATUS;
ERROR 1064 (42000): You have an error in your SQL syntax; check the manual that corresponds to your MySQL server version for the right syntax to use near 'STATUS' at line 1
mysql> SHOW TABLES;
+------------------+
| Tables_in_sample |
+------------------+
| sample21         |
| sample24         |
| sample25         |
| sample31         |
| sample311        |
| sample32         |
| sample33         |
| sample34         |
| sample341        |
| sample35         |
| sample37         |
| sample41         |
| sample411        |
| sample51         |
| sample54         |
| sample541        |
| sample551        |
| sample552        |
| sample635        |
| sample71_a       |
| sample71_b       |
| sample72_x       |
| sample72_y       |
| 메이커           |
| 상품             |
| 상품2            |
| 상품3            |
| 재고수           |
+------------------+
28 rows in set (0.00 sec)

mysql> SHOW TABLE STATUS;
+------------+--------+---------+------------+------+----------------+-------------+-----------------+--------------+-----------+----------------+---------------------+---------------------+------------+--------------------+----------+----------------+---------+
| Name       | Engine | Version | Row_format | Rows | Avg_row_length | Data_length | Max_data_length | Index_length | Data_free | Auto_increment | Create_time         | Update_time         | Check_time | Collation          | Checksum | Create_options | Comment |
+------------+--------+---------+------------+------+----------------+-------------+-----------------+--------------+-----------+----------------+---------------------+---------------------+------------+--------------------+----------+----------------+---------+
| sample21   | InnoDB |      10 | Dynamic    |    3 |           5461 |       16384 |               0 |            0 |         0 |           NULL | 2022-09-14 14:20:22 | 2022-09-14 14:20:22 | NULL       | utf8mb3_general_ci |     NULL |                |         |
| sample24   | InnoDB |      10 | Dynamic    |    5 |           3276 |       16384 |               0 |            0 |         0 |           NULL | 2022-09-14 14:20:22 | 2022-09-14 14:20:22 | NULL       | utf8mb3_general_ci |     NULL |                |         |
| sample25   | InnoDB |      10 | Dynamic    |    3 |           5461 |       16384 |               0 |            0 |         0 |           NULL | 2022-09-14 14:20:22 | 2022-09-14 14:20:22 | NULL       | utf8mb3_general_ci |     NULL |                |         |
| sample31   | InnoDB |      10 | Dynamic    |    3 |           5461 |       16384 |               0 |            0 |         0 |           NULL | 2022-09-14 14:20:22 | 2022-09-14 14:20:22 | NULL       | utf8mb3_general_ci |     NULL |                |         |
| sample311  | InnoDB |      10 | Dynamic    |    4 |           4096 |       16384 |               0 |            0 |         0 |           NULL | 2022-09-14 14:20:22 | 2022-09-14 14:20:22 | NULL       | utf8mb3_general_ci |     NULL |                |         |
| sample32   | InnoDB |      10 | Dynamic    |    5 |           3276 |       16384 |               0 |            0 |         0 |           NULL | 2022-09-14 14:20:23 | 2022-09-14 14:20:23 | NULL       | utf8mb3_general_ci |     NULL |                |         |
| sample33   | InnoDB |      10 | Dynamic    |    7 |           2340 |       16384 |               0 |            0 |         0 |           NULL | 2022-09-14 14:20:23 | 2022-09-14 14:20:23 | NULL       | utf8mb3_general_ci |     NULL |                |         |
| sample34   | InnoDB |      10 | Dynamic    |    3 |           5461 |       16384 |               0 |            0 |         0 |           NULL | 2022-09-14 14:20:23 | 2022-09-14 14:20:23 | NULL       | utf8mb3_general_ci |     NULL |                |         |
| sample341  | InnoDB |      10 | Dynamic    |    3 |           5461 |       16384 |               0 |            0 |         0 |           NULL | 2022-09-14 14:20:23 | 2022-09-14 14:20:23 | NULL       | utf8mb3_general_ci |     NULL |                |         |
| sample35   | InnoDB |      10 | Dynamic    |    3 |           5461 |       16384 |               0 |            0 |         0 |           NULL | 2022-09-14 14:20:23 | 2022-09-14 14:20:23 | NULL       | utf8mb3_general_ci |     NULL |                |         |
| sample37   | InnoDB |      10 | Dynamic    |    3 |           5461 |       16384 |               0 |            0 |         0 |           NULL | 2022-09-14 14:20:23 | 2022-09-14 14:20:23 | NULL       | utf8mb3_general_ci |     NULL |                |         |
| sample41   | InnoDB |      10 | Dynamic    |    0 |              0 |       16384 |               0 |            0 |         0 |           NULL | 2022-09-14 14:20:23 | NULL                | NULL       | utf8mb3_general_ci |     NULL |                |         |
| sample411  | InnoDB |      10 | Dynamic    |    0 |              0 |       16384 |               0 |            0 |         0 |           NULL | 2022-09-14 14:20:23 | NULL                | NULL       | utf8mb3_general_ci |     NULL |                |         |
| sample51   | InnoDB |      10 | Dynamic    |    5 |           3276 |       16384 |               0 |            0 |         0 |           NULL | 2022-09-14 14:20:23 | 2022-09-14 14:20:23 | NULL       | utf8mb3_general_ci |     NULL |                |         |
| sample54   | InnoDB |      10 | Dynamic    |    4 |           4096 |       16384 |               0 |            0 |         0 |           NULL | 2022-09-14 14:20:23 | 2022-09-14 14:20:23 | NULL       | utf8mb3_general_ci |     NULL |                |         |
| sample541  | InnoDB |      10 | Dynamic    |    0 |              0 |       16384 |               0 |            0 |         0 |           NULL | 2022-09-14 14:20:23 | NULL                | NULL       | utf8mb3_general_ci |     NULL |                |         |
| sample551  | InnoDB |      10 | Dynamic    |    5 |           3276 |       16384 |               0 |            0 |         0 |           NULL | 2022-09-14 14:20:23 | 2022-09-14 14:20:23 | NULL       | utf8mb3_general_ci |     NULL |                |         |
| sample552  | InnoDB |      10 | Dynamic    |    2 |           8192 |       16384 |               0 |            0 |         0 |           NULL | 2022-09-14 14:20:23 | 2022-09-14 14:20:23 | NULL       | utf8mb3_general_ci |     NULL |                |         |
| sample635  | InnoDB |      10 | Dynamic    |    5 |           3276 |       16384 |               0 |            0 |         0 |           NULL | 2022-09-14 14:20:23 | 2022-09-14 14:20:23 | NULL       | utf8mb3_general_ci |     NULL |                |         |
| sample71_a | InnoDB |      10 | Dynamic    |    3 |           5461 |       16384 |               0 |            0 |         0 |           NULL | 2022-09-14 14:20:23 | 2022-09-14 14:20:23 | NULL       | utf8mb3_general_ci |     NULL |                |         |
| sample71_b | InnoDB |      10 | Dynamic    |    3 |           5461 |       16384 |               0 |            0 |         0 |           NULL | 2022-09-14 14:20:23 | 2022-09-14 14:20:23 | NULL       | utf8mb3_general_ci |     NULL |                |         |
| sample72_x | InnoDB |      10 | Dynamic    |    3 |           5461 |       16384 |               0 |            0 |         0 |           NULL | 2022-09-14 14:20:23 | 2022-09-14 14:20:23 | NULL       | utf8mb3_general_ci |     NULL |                |         |
| sample72_y | InnoDB |      10 | Dynamic    |    3 |           5461 |       16384 |               0 |            0 |         0 |           NULL | 2022-09-14 14:20:23 | 2022-09-14 14:20:23 | NULL       | utf8mb3_general_ci |     NULL |                |         |
| 메이커     | InnoDB |      10 | Dynamic    |    2 |           8192 |       16384 |               0 |            0 |         0 |           NULL | 2022-09-14 14:20:22 | 2022-09-14 14:20:22 | NULL       | utf8mb3_general_ci |     NULL |                |         |
| 상품       | InnoDB |      10 | Dynamic    |    3 |           5461 |       16384 |               0 |            0 |         0 |           NULL | 2022-09-14 14:20:22 | 2022-09-14 14:20:22 | NULL       | utf8mb3_general_ci |     NULL |                |         |
| 상품2      | InnoDB |      10 | Dynamic    |    3 |           5461 |       16384 |               0 |            0 |         0 |           NULL | 2022-09-14 14:20:22 | 2022-09-14 14:20:22 | NULL       | utf8mb3_general_ci |     NULL |                |         |
| 상품3      | InnoDB |      10 | Dynamic    |    4 |           4096 |       16384 |               0 |            0 |         0 |           NULL | 2022-09-14 14:20:22 | 2022-09-14 14:20:22 | NULL       | utf8mb3_general_ci |     NULL |                |         |
| 재고수     | InnoDB |      10 | Dynamic    |    3 |           5461 |       16384 |               0 |            0 |         0 |           NULL | 2022-09-14 14:20:22 | 2022-09-14 14:20:22 | NULL       | utf8mb3_general_ci |     NULL |                |         |
+------------+--------+---------+------------+------+----------------+-------------+-----------------+--------------+-----------+----------------+---------------------+---------------------+------------+--------------------+----------+----------------+---------+
28 rows in set (0.02 sec)

mysql>
mysql> DESCRIBE sample;
ERROR 1146 (42S02): Table 'sample.sample' doesn't exist
mysql> DESCRIBE sample21;
+----------+-------------+------+-----+---------+-------+
| Field    | Type        | Null | Key | Default | Extra |
+----------+-------------+------+-----+---------+-------+
| no       | int         | YES  |     | NULL    |       |
| name     | varchar(20) | YES  |     | NULL    |       |
| birthday | date        | YES  |     | NULL    |       |
| address  | varchar(40) | YES  |     | NULL    |       |
+----------+-------------+------+-----+---------+-------+
4 rows in set (0.00 sec)

mysql> DESC sample21;
+----------+-------------+------+-----+---------+-------+
| Field    | Type        | Null | Key | Default | Extra |
+----------+-------------+------+-----+---------+-------+
| no       | int         | YES  |     | NULL    |       |
| name     | varchar(20) | YES  |     | NULL    |       |
| birthday | date        | YES  |     | NULL    |       |
| address  | varchar(40) | YES  |     | NULL    |       |
+----------+-------------+------+-----+---------+-------+
4 rows in set (0.00 sec)

mysql> SELECT no, name FROM sample21;
+------+--------+
| no   | name   |
+------+--------+
|    1 | 박준용 |
|    2 | 김재진 |
|    3 | 홍길동 |
+------+--------+
3 rows in set (0.00 sec)

mysql> SELECT noa FROM sample21;
ERROR 1054 (42S22): Unknown column 'noa' in 'field list'
mysql> SELECT address, name FROM sample21;
+-------------------+--------+
| address           | name   |
+-------------------+--------+
| 대구광역시 수성구 | 박준용 |
| 대구광역시 동구   | 김재진 |
| 서울특별시 마포구 | 홍길동 |
+-------------------+--------+
3 rows in set (0.00 sec)

mysql> SELECT name, name FROM sample21;
+--------+--------+
| name   | name   |
+--------+--------+
| 박준용 | 박준용 |
| 김재진 | 김재진 |
| 홍길동 | 홍길동 |
+--------+--------+
3 rows in set (0.00 sec)

mysql> SELECT * FROM sample21 WHERE no = 2;
+------+--------+----------+-----------------+
| no   | name   | birthday | address         |
+------+--------+----------+-----------------+
|    2 | 김재진 | NULL     | 대구광역시 동구 |
+------+--------+----------+-----------------+
1 row in set (0.00 sec)

mysql> SELECT * FROM sample21 WHERE no <> 2;
+------+--------+------------+-------------------+
| no   | name   | birthday   | address           |
+------+--------+------------+-------------------+
|    1 | 박준용 | 1976-10-18 | 대구광역시 수성구 |
|    3 | 홍길동 | NULL       | 서울특별시 마포구 |
+------+--------+------------+-------------------+
2 rows in set (0.00 sec)

mysql> SELECT * WHERE no <> 2 FROM sample21;
ERROR 1064 (42000): You have an error in your SQL syntax; check the manual that corresponds to your MySQL server version for the right syntax to use near 'FROM sample21' at line 1
mysql> SET @a = 5;
Query OK, 0 rows affected (0.00 sec)

mysql> SET @b = 6
    -> ;
Query OK, 0 rows affected (0.00 sec)

mysql> a + b
    -> ;
ERROR 1064 (42000): You have an error in your SQL syntax; check the manual that corresponds to your MySQL server version for the right syntax to use near 'a + b' at line 1
mysql> SELECT a+b;
ERROR 1054 (42S22): Unknown column 'a' in 'field list'
mysql> SELECT @a + @b;
+---------+
| @a + @b |
+---------+
|      11 |
+---------+
1 row in set (0.00 sec)

mysql> SELECT * FROM sample21 WHERE name = '박준용';
+------+--------+------------+-------------------+
| no   | name   | birthday   | address           |
+------+--------+------------+-------------------+
|    1 | 박준용 | 1976-10-18 | 대구광역시 수성구 |
+------+--------+------------+-------------------+
1 row in set (0.00 sec)

mysql> SELECT * FROM sample21 WHERE name = "박준용";
+------+--------+------------+-------------------+
| no   | name   | birthday   | address           |
+------+--------+------------+-------------------+
|    1 | 박준용 | 1976-10-18 | 대구광역시 수성구 |
+------+--------+------------+-------------------+
1 row in set (0.00 sec)

mysql> SELECT * FROM sample21 WHERE birthday = "1976-10-18";
+------+--------+------------+-------------------+
| no   | name   | birthday   | address           |
+------+--------+------------+-------------------+
|    1 | 박준용 | 1976-10-18 | 대구광역시 수성구 |
+------+--------+------------+-------------------+
1 row in set (0.00 sec)

mysql> SELECT * FROM sample21 WHERE birthday = "19761018";
+------+--------+------------+-------------------+
| no   | name   | birthday   | address           |
+------+--------+------------+-------------------+
|    1 | 박준용 | 1976-10-18 | 대구광역시 수성구 |
+------+--------+------------+-------------------+
1 row in set (0.00 sec)

mysql> SELECT * FROM sample21 WHERE birthday = "19761018 102100";
ERROR 1525 (HY000): Incorrect DATE value: '19761018 102100'
mysql> SELECT * FROM sample21 WHERE birthday = "1976-10-18 10:21:00";
Empty set (0.00 sec)

mysql> SELECT * FROM sample21;
+------+--------+------------+-------------------+
| no   | name   | birthday   | address           |
+------+--------+------------+-------------------+
|    1 | 박준용 | 1976-10-18 | 대구광역시 수성구 |
|    2 | 김재진 | NULL       | 대구광역시 동구   |
|    3 | 홍길동 | NULL       | 서울특별시 마포구 |
+------+--------+------------+-------------------+
3 rows in set (0.00 sec)

mysql> SELECT * FROM sample21 WHERE birthday = NULL;
Empty set (0.00 sec)

mysql> SELECT * FROM sample21 WHERE birthday IS NULL;
+------+--------+----------+-------------------+
| no   | name   | birthday | address           |
+------+--------+----------+-------------------+
|    2 | 김재진 | NULL     | 대구광역시 동구   |
|    3 | 홍길동 | NULL     | 서울특별시 마포구 |
+------+--------+----------+-------------------+
2 rows in set (0.00 sec)

mysql> SELECT * FROM sample21 WHERE birthday IS NOT NULL;
+------+--------+------------+-------------------+
| no   | name   | birthday   | address           |
+------+--------+------------+-------------------+
|    1 | 박준용 | 1976-10-18 | 대구광역시 수성구 |
+------+--------+------------+-------------------+
1 row in set (0.00 sec)

mysql> SELECT * FROM sample21 WHERE no > 3;
Empty set (0.00 sec)

mysql> SELECT * FROM sample21 WHERE no > 2;
+------+--------+----------+-------------------+
| no   | name   | birthday | address           |
+------+--------+----------+-------------------+
|    3 | 홍길동 | NULL     | 서울특별시 마포구 |
+------+--------+----------+-------------------+
1 row in set (0.00 sec)

mysql> SELECT * FROM sample21 WHERE no >= 2;
+------+--------+----------+-------------------+
| no   | name   | birthday | address           |
+------+--------+----------+-------------------+
|    2 | 김재진 | NULL     | 대구광역시 동구   |
|    3 | 홍길동 | NULL     | 서울특별시 마포구 |
+------+--------+----------+-------------------+
2 rows in set (0.00 sec)

mysql> SELECT * FROM sample21 WHERE no => 2;
ERROR 1064 (42000): You have an error in your SQL syntax; check the manual that corresponds to your MySQL server version for the right syntax to use near '=> 2' at line 1
mysql> SELECT * FROM sample21 WHERE no < 2;
+------+--------+------------+-------------------+
| no   | name   | birthday   | address           |
+------+--------+------------+-------------------+
|    1 | 박준용 | 1976-10-18 | 대구광역시 수성구 |
+------+--------+------------+-------------------+
1 row in set (0.00 sec)

mysql> SELECT * FROM sample21 WHERE no <= 2;
+------+--------+------------+-------------------+
| no   | name   | birthday   | address           |
+------+--------+------------+-------------------+
|    1 | 박준용 | 1976-10-18 | 대구광역시 수성구 |
|    2 | 김재진 | NULL       | 대구광역시 동구   |
+------+--------+------------+-------------------+
2 rows in set (0.00 sec)

mysql> SELECT * FROM sample21 WHERE no < = 2;
ERROR 1064 (42000): You have an error in your SQL syntax; check the manual that corresponds to your MySQL server version for the right syntax to use near '= 2' at line 1
mysql> -- sample24의 a열과 b열이 모두 0이 아닌 행을 검 색
mysql> SELECT * FROM sample24 WHERE a <> 0 and b <> 0;
+------+------+------+------+
| no   | a    | b    | c    |
+------+------+------+------+
|    4 |    2 |    2 |    0 |
+------+------+------+------+
1 row in set (0.00 sec)

mysql> SELECT * FROM sample24;
+------+------+------+------+
| no   | a    | b    | c    |
+------+------+------+------+
|    1 |    1 |    0 |    0 |
|    2 |    0 |    1 |    0 |
|    3 |    0 |    0 |    1 |
|    4 |    2 |    2 |    0 |
|    5 |    0 |    2 |    2 |
+------+------+------+------+
5 rows in set (0.00 sec)

mysql> --[실습] sample24의 a 열이 0이 아니거나 b열이 0 이 아닌 행을 검색
    ->
    -> ;
ERROR 1064 (42000): You have an error in your SQL syntax; check the manual that corresponds to your MySQL server version for the right syntax to use near '--[실습] sample24의 a 열이 0이 아니거나 b열이 0이 아닌 행을 검' at line 1
mysql> -- [실습] sample24의 a 열이 0이 아니거나 b열이 0이 아닌 행을 검색
mysql> SELECT * FROM sample24 WHERE a <> 0 or b <> 0;
+------+------+------+------+
| no   | a    | b    | c    |
+------+------+------+------+
|    1 |    1 |    0 |    0 |
|    2 |    0 |    1 |    0 |
|    4 |    2 |    2 |    0 |
|    5 |    0 |    2 |    2 |
+------+------+------+------+
4 rows in set (0.00 sec)

mysql> SELECT * FROM sample24 WHERE no = 1 OR 2;
+------+------+------+------+
| no   | a    | b    | c    |
+------+------+------+------+
|    1 |    1 |    0 |    0 |
|    2 |    0 |    1 |    0 |
|    3 |    0 |    0 |    1 |
|    4 |    2 |    2 |    0 |
|    5 |    0 |    2 |    2 |
+------+------+------+------+
5 rows in set (0.00 sec)

mysql> [실습] sample24의 a 열이 0이 아니거나 b열이 0이 아닌 행을 검색
    -> [실습] sample24의 a 열이 0이 아니거나 b열이 0이 아닌 행을 검색
    -> [실습] sample24의 a 열이 0이 아니거나 b열이 0이 아닌 행을 검색
    -> [실습] sample24의 a 열이 0이 아니거나 b열이 0이 아닌 행을 검색
    -> ;
ERROR 1064 (42000): You have an error in your SQL syntax; check the manual that corresponds to your MySQL server version for the right syntax to use near '[실습] sample24의 a 열이 0이 아니거나 b열이 0이 아닌 행을 검\00EC\0083' at line 1
mysql> SELECT * FROM sample24 WHERE no = 1 OR no = 2;
+------+------+------+------+
| no   | a    | b    | c    |
+------+------+------+------+
|    1 |    1 |    0 |    0 |
|    2 |    0 |    1 |    0 |
+------+------+------+------+
2 rows in set (0.00 sec)

mysql> -- [실습] sample24의 a 열이 1 또는 2이고, b열이 1 또는 2인 행을 검색
mysql> SELECT * FROM sample24 WHERE a = 1 or a = 2 and b = 1 or b = 2;
+------+------+------+------+
| no   | a    | b    | c    |
+------+------+------+------+
|    1 |    1 |    0 |    0 |
|    4 |    2 |    2 |    0 |
|    5 |    0 |    2 |    2 |
+------+------+------+------+
3 rows in set (0.00 sec)

mysql> SELECT * FROM sample24 WHERE a = 1 or (a = 2 and b = 1) or b = 2;
+------+------+------+------+
| no   | a    | b    | c    |
+------+------+------+------+
|    1 |    1 |    0 |    0 |
|    4 |    2 |    2 |    0 |
|    5 |    0 |    2 |    2 |
+------+------+------+------+
3 rows in set (0.00 sec)

mysql> SELECT * FROM sample24 WHERE (a = 1 or a = 2) and (b = 1 or b = 2);
+------+------+------+------+
| no   | a    | b    | c    |
+------+------+------+------+
|    4 |    2 |    2 |    0 |
+------+------+------+------+
1 row in set (0.00 sec)

mysql> -- [실습] sample24의 a열이 0이 아니거나 b열이 0 이 아닌 행을 제외한 나머지 행을 검색
mysql> SELECT * FROM sample24 WHERE NOT (a <> 0 or b <> 0);
+------+------+------+------+
| no   | a    | b    | c    |
+------+------+------+------+
|    3 |    0 |    0 |    1 |
+------+------+------+------+
1 row in set (0.00 sec)

mysql> SELECT * FROM sample24 WHERE (a <> 0 or b <> 0);
+------+------+------+------+
| no   | a    | b    | c    |
+------+------+------+------+
|    1 |    1 |    0 |    0 |
|    2 |    0 |    1 |    0 |
|    4 |    2 |    2 |    0 |
|    5 |    0 |    2 |    2 |
+------+------+------+------+
4 rows in set (0.00 sec)

mysql> /*
   /*> LIKE로 패턴 매칭
   /*> 열명 LIKE '패턴’
   /*> 패턴을 정의할 때 사용할 수 있는 메타문자로는 %와 _가 있다.
   /*> 퍼센트(%)는 임의의 문자열을 의미하며, 언더스코어(_)는 임의의 문자 하나를 의미함.
   /*> 패턴을 정의할 때는 메타문자를 여러 개 사용 가능
   /*> 와일드카드로 자주 쓰이는 *는 LIKE에서는 사용 불 가.
   /*> */
mysql> -- [실습] sample25의 text 열 데이터가  'SQL'~로 시작하는 행 검색.(전방 일치)
mysql> SELECT * FROM sample25;
+------+-------------------------------------------------+
| no   | text                                            |
+------+-------------------------------------------------+
|    1 | SQL은 RDBMS를 조작하기 위한 언어이다.           |
|    2 | LIKE에서는 메타문자 %와 _를 사용할 수 있다.     |
|    3 | LIKE는 SQL에서 사용할 수 있는 술어 중 하나이다. |
+------+-------------------------------------------------+
3 rows in set (0.00 sec)

mysql> SELECT * FROM sample25 WHERE text LIKE 'SQL';
Empty set (0.00 sec)

mysql> SELECT * FROM sample25 WHERE text LIKE 'SQL@';
Empty set (0.00 sec)

mysql> SELECT * FROM sample25 WHERE text LIKE 'SQL%';
+------+---------------------------------------+
| no   | text                                  |
+------+---------------------------------------+
|    1 | SQL은 RDBMS를 조작하기 위한 언어이다. |
+------+---------------------------------------+
1 row in set (0.00 sec)

mysql> SELECT * FROM sample25 WHERE text LIKE 'SQL_';
Empty set (0.00 sec)

mysql> SELECT * FROM sample25 WHERE text LIKE '%SQL%';
+------+-------------------------------------------------+
| no   | text                                            |
+------+-------------------------------------------------+
|    1 | SQL은 RDBMS를 조작하기 위한 언어이다.           |
|    3 | LIKE는 SQL에서 사용할 수 있는 술어 중 하나이다. |
+------+-------------------------------------------------+
2 rows in set (0.00 sec)

mysql> SELECT * FROM sample25 WHERE text LIKE '%SQL';
Empty set (0.00 sec)

mysql> SELECT * FROM sample25;
+------+-------------------------------------------------+
| no   | text                                            |
+------+-------------------------------------------------+
|    1 | SQL은 RDBMS를 조작하기 위한 언어이다.           |
|    2 | LIKE에서는 메타문자 %와 _를 사용할 수 있다.     |
|    3 | LIKE는 SQL에서 사용할 수 있는 술어 중 하나이다. |
+------+-------------------------------------------------+
3 rows in set (0.00 sec)

mysql> SELECT * FROM sample25 WHERE text LIKE '%_';
+------+-------------------------------------------------+
| no   | text                                            |
+------+-------------------------------------------------+
|    1 | SQL은 RDBMS를 조작하기 위한 언어이다.           |
|    2 | LIKE에서는 메타문자 %와 _를 사용할 수 있다.     |
|    3 | LIKE는 SQL에서 사용할 수 있는 술어 중 하나이다. |
+------+-------------------------------------------------+
3 rows in set (0.00 sec)

mysql> SELECT * FROM sample25 WHERE text LIKE '_%';
+------+-------------------------------------------------+
| no   | text                                            |
+------+-------------------------------------------------+
|    1 | SQL은 RDBMS를 조작하기 위한 언어이다.           |
|    2 | LIKE에서는 메타문자 %와 _를 사용할 수 있다.     |
|    3 | LIKE는 SQL에서 사용할 수 있는 술어 중 하나이다. |
+------+-------------------------------------------------+
3 rows in set (0.00 sec)

mysql> SELECT * FROM sample25 WHERE text LIKE '%_%';
+------+-------------------------------------------------+
| no   | text                                            |
+------+-------------------------------------------------+
|    1 | SQL은 RDBMS를 조작하기 위한 언어이다.           |
|    2 | LIKE에서는 메타문자 %와 _를 사용할 수 있다.     |
|    3 | LIKE는 SQL에서 사용할 수 있는 술어 중 하나이다. |
+------+-------------------------------------------------+
3 rows in set (0.00 sec)

mysql> SELECT * FROM sample25 WHERE text LIKE '%%%';
+------+-------------------------------------------------+
| no   | text                                            |
+------+-------------------------------------------------+
|    1 | SQL은 RDBMS를 조작하기 위한 언어이다.           |
|    2 | LIKE에서는 메타문자 %와 _를 사용할 수 있다.     |
|    3 | LIKE는 SQL에서 사용할 수 있는 술어 중 하나이다. |
+------+-------------------------------------------------+
3 rows in set (0.00 sec)

mysql> SELECT * FROM sample25 WHERE text LIKE '%\%%';
+------+---------------------------------------------+
| no   | text                                        |
+------+---------------------------------------------+
|    2 | LIKE에서는 메타문자 %와 _를 사용할 수 있다. |
+------+---------------------------------------------+
1 row in set (0.00 sec)

mysql> SELECT * FROM sample25 WHERE text LIKE '%\_%';
+------+---------------------------------------------+
| no   | text                                        |
+------+---------------------------------------------+
|    2 | LIKE에서는 메타문자 %와 _를 사용할 수 있다. |
+------+---------------------------------------------+
1 row in set (0.00 sec)

mysql> /*
   /*> 검색 결과의 행순서 변경
   /*> ORDER BY로 검색 결과 정렬하기
   /*> SELECT 열명 FROM 테이블명 (WHERE 조건식) ORDER BY 열명
   /*> 검색조건 필요없는 경우 where 생략
   /*> 지정한 열의 값에 따라 행의 순서가 바뀜.
   /*> [실습] sample31의 행을 나이에 따라 정렬, 주소에 따라 정렬
   /*> */
mysql> SELECT * FROM sample31;
+------+------+-------------------+
| name | age  | address           |
+------+------+-------------------+
| A씨  |   36 | 대구광역시 중구   |
| B씨  |   18 | 부산광역시 연제구 |
| C씨  |   25 | 서울특별시 중구   |
+------+------+-------------------+
3 rows in set (0.00 sec)

mysql> SELECT * FROM sample31 ORDER BY age;
+------+------+-------------------+
| name | age  | address           |
+------+------+-------------------+
| B씨  |   18 | 부산광역시 연제구 |
| C씨  |   25 | 서울특별시 중구   |
| A씨  |   36 | 대구광역시 중구   |
+------+------+-------------------+
3 rows in set (0.00 sec)

mysql> SELECT * FROM sample31 ORDER BY address;
+------+------+-------------------+
| name | age  | address           |
+------+------+-------------------+
| A씨  |   36 | 대구광역시 중구   |
| B씨  |   18 | 부산광역시 연제구 |
| C씨  |   25 | 서울특별시 중구   |
+------+------+-------------------+
3 rows in set (0.00 sec)

mysql> SELECT * FROM sample31 ORDER BY address ASC;
+------+------+-------------------+
| name | age  | address           |
+------+------+-------------------+
| A씨  |   36 | 대구광역시 중구   |
| B씨  |   18 | 부산광역시 연제구 |
| C씨  |   25 | 서울특별시 중구   |
+------+------+-------------------+
3 rows in set (0.00 sec)

mysql> SELECT * FROM sample31 ORDER BY address DESC;
+------+------+-------------------+
| name | age  | address           |
+------+------+-------------------+
| C씨  |   25 | 서울특별시 중구   |
| B씨  |   18 | 부산광역시 연제구 |
| A씨  |   36 | 대구광역시 중구   |
+------+------+-------------------+
3 rows in set (0.00 sec)

mysql> SELECT * FROM sample31 ORDER BY age DESC;
+------+------+-------------------+
| name | age  | address           |
+------+------+-------------------+
| A씨  |   36 | 대구광역시 중구   |
| C씨  |   25 | 서울특별시 중구   |
| B씨  |   18 | 부산광역시 연제구 |
+------+------+-------------------+
3 rows in set (0.00 sec)

mysql> SELECT * FROM sample31 ORDER BY age, address;
+------+------+-------------------+
| name | age  | address           |
+------+------+-------------------+
| B씨  |   18 | 부산광역시 연제구 |
| C씨  |   25 | 서울특별시 중구   |
| A씨  |   36 | 대구광역시 중구   |
+------+------+-------------------+
3 rows in set (0.00 sec)

mysql> SELECT * FROM sample31 WHERE age > 10 ORDER BY age;
+------+------+-------------------+
| name | age  | address           |
+------+------+-------------------+
| B씨  |   18 | 부산광역시 연제구 |
| C씨  |   25 | 서울특별시 중구   |
| A씨  |   36 | 대구광역시 중구   |
+------+------+-------------------+
3 rows in set (0.00 sec)

mysql> SELECT * FROM sample31 ORDER BY age WHERE age > 10;
ERROR 1064 (42000): You have an error in your SQL syntax; check the manual that corresponds to your MySQL server version for the right syntax to use near 'WHERE age > 10' at line 1
mysql> /*
   /*> [실습] sample311의 a열에 맞추어 정렬 후 결과 확 인
   /*> [실습] sample311의 b열에 맞추어 정렬 후 결과 확 인
   /*> [실습] sample311 확인
   /*> */
mysql> SELECT * FROM sample311 ORDER BY a;
+------+------+
| a    | b    |
+------+------+
| 1    |    1 |
| 10   |   10 |
| 11   |   11 |
| 2    |    2 |
+------+------+
4 rows in set (0.00 sec)

mysql> SELECT * FROM sample311 ORDER BY b;
+------+------+
| a    | b    |
+------+------+
| 1    |    1 |
| 2    |    2 |
| 10   |   10 |
| 11   |   11 |
+------+------+
4 rows in set (0.00 sec)

mysql> DESC sample311;
+-------+------------+------+-----+---------+-------+
| Field | Type       | Null | Key | Default | Extra |
+-------+------------+------+-----+---------+-------+
| a     | varchar(2) | YES  |     | NULL    |       |
| b     | int        | YES  |     | NULL    |       |
+-------+------------+------+-----+---------+-------+
2 rows in set (0.00 sec)

mysql> SELECT * FROM sample311;
+------+------+
| a    | b    |
+------+------+
| 1    |    1 |
| 2    |    2 |
| 10   |   10 |
| 11   |   11 |
+------+------+
4 rows in set (0.00 sec)

mysql> /*
   /*> SELECT 열명 FROM 테이블명 WHERE 조건식 ORDER BY 열명1, 열명2
   /*> [실습] sample32의 a, b열 정렬,
   /*> b, a열 정렬 후 결과 확인
   /*> */
mysql> SELECT * FROM sample32;
+------+------+
| a    | b    |
+------+------+
|    1 |    1 |
|    2 |    1 |
|    2 |    2 |
|    1 |    3 |
|    1 |    2 |
+------+------+
5 rows in set (0.00 sec)

mysql> SELECT * FROM sample32 ORDER BY a;
+------+------+
| a    | b    |
+------+------+
|    1 |    1 |
|    1 |    3 |
|    1 |    2 |
|    2 |    1 |
|    2 |    2 |
+------+------+
5 rows in set (0.00 sec)

mysql> SELECT * FROM sample32 ORDER BY a, b;
+------+------+
| a    | b    |
+------+------+
|    1 |    1 |
|    1 |    2 |
|    1 |    3 |
|    2 |    1 |
|    2 |    2 |
+------+------+
5 rows in set (0.00 sec)

mysql> SELECT * FROM sample32 ORDER BY b, a;
+------+------+
| a    | b    |
+------+------+
|    1 |    1 |
|    2 |    1 |
|    1 |    2 |
|    2 |    2 |
|    1 |    3 |
+------+------+
5 rows in set (0.00 sec)

mysql> SELECT * FROM sample32 ORDER BY b;
+------+------+
| a    | b    |
+------+------+
|    1 |    1 |
|    2 |    1 |
|    2 |    2 |
|    1 |    2 |
|    1 |    3 |
+------+------+
5 rows in set (0.00 sec)

mysql> SELECT * FROM sample32 ORDER BY a ASC b DESC;
ERROR 1064 (42000): You have an error in your SQL syntax; check the manual that corresponds to your MySQL server version for the right syntax to use near 'b DESC' at line 1
mysql> SELECT * FROM sample32 ORDER BY a ASC, b DESC;
+------+------+
| a    | b    |
+------+------+
|    1 |    3 |
|    1 |    2 |
|    1 |    1 |
|    2 |    2 |
|    2 |    1 |
+------+------+
5 rows in set (0.00 sec)

mysql> SELECT * FROM sample32 ORDER BY a, b DESC;
+------+------+
| a    | b    |
+------+------+
|    1 |    3 |
|    1 |    2 |
|    1 |    1 |
|    2 |    2 |
|    2 |    1 |
+------+------+
5 rows in set (0.00 sec)

mysql> SELECT * FROM sample21;
+------+--------+------------+-------------------+
| no   | name   | birthday   | address           |
+------+--------+------------+-------------------+
|    1 | 박준용 | 1976-10-18 | 대구광역시 수성구 |
|    2 | 김재진 | NULL       | 대구광역시 동구   |
|    3 | 홍길동 | NULL       | 서울특별시 마포구 |
+------+--------+------------+-------------------+
3 rows in set (0.00 sec)

mysql> SELECT * FROM sample21 ORDER BY birthday;
+------+--------+------------+-------------------+
| no   | name   | birthday   | address           |
+------+--------+------------+-------------------+
|    2 | 김재진 | NULL       | 대구광역시 동구   |
|    3 | 홍길동 | NULL       | 서울특별시 마포구 |
|    1 | 박준용 | 1976-10-18 | 대구광역시 수성구 |
+------+--------+------------+-------------------+
3 rows in set (0.00 sec)

mysql> SELECT * FROM sample21 ORDER BY birthday DESC;
+------+--------+------------+-------------------+
| no   | name   | birthday   | address           |
+------+--------+------------+-------------------+
|    1 | 박준용 | 1976-10-18 | 대구광역시 수성구 |
|    2 | 김재진 | NULL       | 대구광역시 동구   |
|    3 | 홍길동 | NULL       | 서울특별시 마포구 |
+------+--------+------------+-------------------+
3 rows in set (0.00 sec)

mysql>